// Jest Snapshot v1, https://goo.gl/fbAQLP

exports[`canvas-poster test 1`] = `1`;
